E:\ST\STM32CubeIDE_1.13.1\STM32CubeIDE\plugins\com.st.stm32cube.ide.mcu.externaltools.gnu-tools-for-stm32.11.3.rel1.win32_1.1.0.202305231506\tools\bin/../lib/gcc/arm-none-eabi/11.3.1/../../../../arm-none-eabi/include/c++/11.3.1/bits/stl_deque.h:228:7:std::_Deque_iterator<_Tp, _Ref, _Ptr>::_Self& std::_Deque_iterator<_Tp, _Ref, _Ptr>::operator+=(std::_Deque_iterator<_Tp, _Ref, _Ptr>::difference_type) [with _Tp = coordinate; _Ref = coordinate&; _Ptr = coordinate*]	8	static
E:\ST\STM32CubeIDE_1.13.1\STM32CubeIDE\plugins\com.st.stm32cube.ide.mcu.externaltools.gnu-tools-for-stm32.11.3.rel1.win32_1.1.0.202305231506\tools\bin/../lib/gcc/arm-none-eabi/11.3.1/../../../../arm-none-eabi/include/c++/11.3.1/bits/stl_deque.h:247:7:std::_Deque_iterator<_Tp, _Ref, _Ptr>::_Self& std::_Deque_iterator<_Tp, _Ref, _Ptr>::operator-=(std::_Deque_iterator<_Tp, _Ref, _Ptr>::difference_type) [with _Tp = coordinate; _Ref = coordinate&; _Ptr = coordinate*]	0	static
E:\ST\STM32CubeIDE_1.13.1\STM32CubeIDE\plugins\com.st.stm32cube.ide.mcu.externaltools.gnu-tools-for-stm32.11.3.rel1.win32_1.1.0.202305231506\tools\bin/../lib/gcc/arm-none-eabi/11.3.1/../../../../arm-none-eabi/include/c++/11.3.1/bits/stl_deque.h:228:7:std::_Deque_iterator<_Tp, _Ref, _Ptr>::_Self& std::_Deque_iterator<_Tp, _Ref, _Ptr>::operator+=(std::_Deque_iterator<_Tp, _Ref, _Ptr>::difference_type) [with _Tp = coordinate; _Ref = const coordinate&; _Ptr = const coordinate*]	8	static
../Program/Src/floodfill.cpp:114:6:void rotateFloodCounterClockwise()	120	static
../Program/Src/floodfill.cpp:209:6:void updateWalls(coordinate, int, bool, bool, bool)	24	static
../Program/Src/floodfill.cpp:306:6:bool isAccessible(coordinate, coordinate)	16	static
../Program/Src/floodfill.cpp:361:21:surroundCoor getSurrounds(coordinate)	24	static
../Program/Src/floodfill.cpp:385:6:bool isConsistant(coordinate)	104	static
../Program/Src/floodfill.cpp:424:6:void makeConsistant(coordinate)	104	static
../Program/Src/floodfill.cpp:501:6:char toMove(coordinate, coordinate, int)	120	static
../Program/Src/floodfill.cpp:576:6:char toMoveBack(coordinate, coordinate, int)	120	static
../Program/Src/floodfill.cpp:688:5:int orientation(int, char)	0	static
../Program/Src/floodfill.cpp:717:19:coordinate updateCoordinates(coordinate, int)	8	static
E:\ST\STM32CubeIDE_1.13.1\STM32CubeIDE\plugins\com.st.stm32cube.ide.mcu.externaltools.gnu-tools-for-stm32.11.3.rel1.win32_1.1.0.202305231506\tools\bin/../lib/gcc/arm-none-eabi/11.3.1/../../../../arm-none-eabi/include/c++/11.3.1/bits/stl_queue.h:166:2:std::queue<_Tp, _Sequence>::queue() [with _Seq = std::deque<coordinate, std::allocator<coordinate> >; _Requires = void; _Tp = coordinate; _Sequence = std::deque<coordinate, std::allocator<coordinate> >]	24	static
E:\ST\STM32CubeIDE_1.13.1\STM32CubeIDE\plugins\com.st.stm32cube.ide.mcu.externaltools.gnu-tools-for-stm32.11.3.rel1.win32_1.1.0.202305231506\tools\bin/../lib/gcc/arm-none-eabi/11.3.1/../../../../arm-none-eabi/include/c++/11.3.1/bits/stl_deque.h:168:7:std::_Deque_iterator<_Tp, _Ref, _Ptr>::_Deque_iterator(const std::_Deque_iterator<_Tp, _Ref, _Ptr>&) [with _Tp = coordinate; _Ref = coordinate&; _Ptr = coordinate*]	0	static
E:\ST\STM32CubeIDE_1.13.1\STM32CubeIDE\plugins\com.st.stm32cube.ide.mcu.externaltools.gnu-tools-for-stm32.11.3.rel1.win32_1.1.0.202305231506\tools\bin/../lib/gcc/arm-none-eabi/11.3.1/../../../../arm-none-eabi/include/c++/11.3.1/bits/stl_deque.h:1006:7:std::deque<_Tp, _Alloc>::~deque() [with _Tp = coordinate; _Alloc = std::allocator<coordinate>]	48	static
E:\ST\STM32CubeIDE_1.13.1\STM32CubeIDE\plugins\com.st.stm32cube.ide.mcu.externaltools.gnu-tools-for-stm32.11.3.rel1.win32_1.1.0.202305231506\tools\bin/../lib/gcc/arm-none-eabi/11.3.1/../../../../arm-none-eabi/include/c++/11.3.1/bits/stl_deque.h:1532:7:void std::deque<_Tp, _Alloc>::pop_front() [with _Tp = coordinate; _Alloc = std::allocator<coordinate>]	8	static
E:\ST\STM32CubeIDE_1.13.1\STM32CubeIDE\plugins\com.st.stm32cube.ide.mcu.externaltools.gnu-tools-for-stm32.11.3.rel1.win32_1.1.0.202305231506\tools\bin/../lib/gcc/arm-none-eabi/11.3.1/../../../../arm-none-eabi/include/c++/11.3.1/bits/stl_deque.h:168:7:std::_Deque_iterator<_Tp, _Ref, _Ptr>::_Deque_iterator(const std::_Deque_iterator<_Tp, _Ref, _Ptr>&) [with _Tp = coordinate; _Ref = const coordinate&; _Ptr = const coordinate*]	0	static
E:\ST\STM32CubeIDE_1.13.1\STM32CubeIDE\plugins\com.st.stm32cube.ide.mcu.externaltools.gnu-tools-for-stm32.11.3.rel1.win32_1.1.0.202305231506\tools\bin/../lib/gcc/arm-none-eabi/11.3.1/../../../../arm-none-eabi/include/c++/11.3.1/bits/stl_deque.h:353:7:std::_Deque_iterator<coordinate, coordinate&, coordinate*>::difference_type std::operator-(const _Self&, const _Self&)	0	static
E:\ST\STM32CubeIDE_1.13.1\STM32CubeIDE\plugins\com.st.stm32cube.ide.mcu.externaltools.gnu-tools-for-stm32.11.3.rel1.win32_1.1.0.202305231506\tools\arm-none-eabi\include\c++\11.3.1\bits\stl_iterator_base_funcs.h:202:5:void std::advance(_InputIterator&, _Distance) [with _InputIterator = std::_Deque_iterator<coordinate, const coordinate&, const coordinate*>; _Distance = int]	0	static
E:\ST\STM32CubeIDE_1.13.1\STM32CubeIDE\plugins\com.st.stm32cube.ide.mcu.externaltools.gnu-tools-for-stm32.11.3.rel1.win32_1.1.0.202305231506\tools\bin/../lib/gcc/arm-none-eabi/11.3.1/../../../../arm-none-eabi/include/c++/11.3.1/bits/deque.tcc:931:5:void std::deque<_Tp, _Alloc>::_M_reallocate_map(std::deque<_Tp, _Alloc>::size_type, bool) [with _Tp = coordinate; _Alloc = std::allocator<coordinate>]	32	static
E:\ST\STM32CubeIDE_1.13.1\STM32CubeIDE\plugins\com.st.stm32cube.ide.mcu.externaltools.gnu-tools-for-stm32.11.3.rel1.win32_1.1.0.202305231506\tools\bin/../lib/gcc/arm-none-eabi/11.3.1/../../../../arm-none-eabi/include/c++/11.3.1/bits/stl_deque.h:2126:7:void std::deque<_Tp, _Alloc>::_M_reserve_map_at_back(std::deque<_Tp, _Alloc>::size_type) [with _Tp = coordinate; _Alloc = std::allocator<coordinate>]	16	static
E:\ST\STM32CubeIDE_1.13.1\STM32CubeIDE\plugins\com.st.stm32cube.ide.mcu.externaltools.gnu-tools-for-stm32.11.3.rel1.win32_1.1.0.202305231506\tools\bin/../lib/gcc/arm-none-eabi/11.3.1/../../../../arm-none-eabi/include/c++/11.3.1/bits/stl_deque.h:1496:7:void std::deque<_Tp, _Alloc>::push_back(const value_type&) [with _Tp = coordinate; _Alloc = std::allocator<coordinate>]	16	static
../Program/Src/floodfill.cpp:459:6:void floodFill(coordinate, coordinate)	112	static
E:\ST\STM32CubeIDE_1.13.1\STM32CubeIDE\plugins\com.st.stm32cube.ide.mcu.externaltools.gnu-tools-for-stm32.11.3.rel1.win32_1.1.0.202305231506\tools\bin/../lib/gcc/arm-none-eabi/11.3.1/../../../../arm-none-eabi/include/c++/11.3.1/bits/stl_deque.h:2100:7:std::deque<_Tp, _Alloc>::iterator std::deque<_Tp, _Alloc>::_M_reserve_elements_at_back(std::deque<_Tp, _Alloc>::size_type) [with _Tp = coordinate; _Alloc = std::allocator<coordinate>]	32	static
E:\ST\STM32CubeIDE_1.13.1\STM32CubeIDE\plugins\com.st.stm32cube.ide.mcu.externaltools.gnu-tools-for-stm32.11.3.rel1.win32_1.1.0.202305231506\tools\bin/../lib/gcc/arm-none-eabi/11.3.1/../../../../arm-none-eabi/include/c++/11.3.1/bits/deque.tcc:881:5:void std::deque<_Tp, _Alloc>::_M_new_elements_at_front(std::deque<_Tp, _Alloc>::size_type) [with _Tp = coordinate; _Alloc = std::allocator<coordinate>]	32	static
E:\ST\STM32CubeIDE_1.13.1\STM32CubeIDE\plugins\com.st.stm32cube.ide.mcu.externaltools.gnu-tools-for-stm32.11.3.rel1.win32_1.1.0.202305231506\tools\bin/../lib/gcc/arm-none-eabi/11.3.1/../../../../arm-none-eabi/include/c++/11.3.1/bits/stl_deque.h:2090:7:std::deque<_Tp, _Alloc>::iterator std::deque<_Tp, _Alloc>::_M_reserve_elements_at_front(std::deque<_Tp, _Alloc>::size_type) [with _Tp = coordinate; _Alloc = std::allocator<coordinate>]	16	static
E:\ST\STM32CubeIDE_1.13.1\STM32CubeIDE\plugins\com.st.stm32cube.ide.mcu.externaltools.gnu-tools-for-stm32.11.3.rel1.win32_1.1.0.202305231506\tools\bin/../lib/gcc/arm-none-eabi/11.3.1/../../../../arm-none-eabi/include/c++/11.3.1/bits/deque.tcc:1049:5:typename __gnu_cxx::__enable_if<std::__is_random_access_iter<_II>::__value, std::_Deque_iterator<_Tp, _Tp&, _Tp*> >::__type std::__copy_move_a1(_II, _II, std::_Deque_iterator<_Tp, _Tp&, _Tp*>) [with bool _IsMove = false; _II = coordinate*; _Tp = coordinate]	24	static
E:\ST\STM32CubeIDE_1.13.1\STM32CubeIDE\plugins\com.st.stm32cube.ide.mcu.externaltools.gnu-tools-for-stm32.11.3.rel1.win32_1.1.0.202305231506\tools\bin/../lib/gcc/arm-none-eabi/11.3.1/../../../../arm-none-eabi/include/c++/11.3.1/bits/stl_algobase.h:611:5:_OI std::copy(_II, _II, _OI) [with _II = std::_Deque_iterator<coordinate, const coordinate&, const coordinate*>; _OI = std::_Deque_iterator<coordinate, coordinate&, coordinate*>]	296	static
E:\ST\STM32CubeIDE_1.13.1\STM32CubeIDE\plugins\com.st.stm32cube.ide.mcu.externaltools.gnu-tools-for-stm32.11.3.rel1.win32_1.1.0.202305231506\tools\arm-none-eabi\include\c++\11.3.1\bits\stl_uninitialized.h:331:5:_ForwardIterator std::__uninitialized_copy_a(_InputIterator, _InputIterator, _ForwardIterator, std::allocator<_Tp>&) [with _InputIterator = std::_Deque_iterator<coordinate, const coordinate&, const coordinate*>; _ForwardIterator = std::_Deque_iterator<coordinate, coordinate&, coordinate*>; _Tp = coordinate]	160	static
E:\ST\STM32CubeIDE_1.13.1\STM32CubeIDE\plugins\com.st.stm32cube.ide.mcu.externaltools.gnu-tools-for-stm32.11.3.rel1.win32_1.1.0.202305231506\tools\bin/../lib/gcc/arm-none-eabi/11.3.1/../../../../arm-none-eabi/include/c++/11.3.1/bits/deque.tcc:1049:5:typename __gnu_cxx::__enable_if<std::__is_random_access_iter<_II>::__value, std::_Deque_iterator<_Tp, _Tp&, _Tp*> >::__type std::__copy_move_a1(_II, _II, std::_Deque_iterator<_Tp, _Tp&, _Tp*>) [with bool _IsMove = true; _II = coordinate*; _Tp = coordinate]	24	static
E:\ST\STM32CubeIDE_1.13.1\STM32CubeIDE\plugins\com.st.stm32cube.ide.mcu.externaltools.gnu-tools-for-stm32.11.3.rel1.win32_1.1.0.202305231506\tools\bin/../lib/gcc/arm-none-eabi/11.3.1/../../../../arm-none-eabi/include/c++/11.3.1/bits/stl_algobase.h:527:5:_OI std::__copy_move_a(_II, _II, _OI) [with bool _IsMove = true; _II = std::_Deque_iterator<coordinate, coordinate&, coordinate*>; _OI = std::_Deque_iterator<coordinate, coordinate&, coordinate*>]	216	static
E:\ST\STM32CubeIDE_1.13.1\STM32CubeIDE\plugins\com.st.stm32cube.ide.mcu.externaltools.gnu-tools-for-stm32.11.3.rel1.win32_1.1.0.202305231506\tools\arm-none-eabi\include\c++\11.3.1\bits\stl_uninitialized.h:338:5:_ForwardIterator std::__uninitialized_move_a(_InputIterator, _InputIterator, _ForwardIterator, _Allocator&) [with _InputIterator = std::_Deque_iterator<coordinate, coordinate&, coordinate*>; _ForwardIterator = std::_Deque_iterator<coordinate, coordinate&, coordinate*>; _Allocator = std::allocator<coordinate>]	320	static
E:\ST\STM32CubeIDE_1.13.1\STM32CubeIDE\plugins\com.st.stm32cube.ide.mcu.externaltools.gnu-tools-for-stm32.11.3.rel1.win32_1.1.0.202305231506\tools\bin/../lib/gcc/arm-none-eabi/11.3.1/../../../../arm-none-eabi/include/c++/11.3.1/bits/deque.tcc:1171:5:typename __gnu_cxx::__enable_if<std::__is_random_access_iter<_II>::__value, std::_Deque_iterator<_Tp, _Tp&, _Tp*> >::__type std::__copy_move_backward_a1(_II, _II, std::_Deque_iterator<_Tp, _Tp&, _Tp*>) [with bool _IsMove = true; _II = coordinate*; _Tp = coordinate]	32	static
E:\ST\STM32CubeIDE_1.13.1\STM32CubeIDE\plugins\com.st.stm32cube.ide.mcu.externaltools.gnu-tools-for-stm32.11.3.rel1.win32_1.1.0.202305231506\tools\bin/../lib/gcc/arm-none-eabi/11.3.1/../../../../arm-none-eabi/include/c++/11.3.1/bits/stl_algobase.h:884:5:_BI2 std::move_backward(_BI1, _BI1, _BI2) [with _BI1 = std::_Deque_iterator<coordinate, coordinate&, coordinate*>; _BI2 = std::_Deque_iterator<coordinate, coordinate&, coordinate*>]	296	static
E:\ST\STM32CubeIDE_1.13.1\STM32CubeIDE\plugins\com.st.stm32cube.ide.mcu.externaltools.gnu-tools-for-stm32.11.3.rel1.win32_1.1.0.202305231506\tools\bin/../lib/gcc/arm-none-eabi/11.3.1/../../../../arm-none-eabi/include/c++/11.3.1/bits/deque.tcc:771:7:void std::deque<_Tp, _Alloc>::_M_insert_aux(std::deque<_Tp, _Alloc>::iterator, _ForwardIterator, _ForwardIterator, std::deque<_Tp, _Alloc>::size_type) [with _ForwardIterator = std::_Deque_iterator<coordinate, const coordinate&, const coordinate*>; _Tp = coordinate; _Alloc = std::allocator<coordinate>]	256	static
../Program/Src/floodfill.cpp:622:6:void backtrack()	320	static
