../Program/Src/floodfill.cpp:105:10:void Queue::enQueue(coordinate)	24	static
../Program/Src/floodfill.cpp:126:23:coordinate Queue::deQueue()	16	static
../Program/Src/floodfill.cpp:223:6:void updateWalls(coordinate, int, bool, bool, bool)	24	static
../Program/Src/floodfill.cpp:271:6:bool isAccessible(coordinate, coordinate)	24	static
../Program/Src/floodfill.cpp:321:21:surroundCoor getSurrounds(coordinate)	24	static
../Program/Src/floodfill.cpp:345:6:bool isConsistant(coordinate)	104	static
../Program/Src/floodfill.cpp:385:6:void makeConsistant(coordinate)	104	static
../Program/Src/floodfill.cpp:420:6:void floodFill(coordinate, coordinate)	88	static
../Program/Src/floodfill.cpp:462:6:char toMove(coordinate, coordinate, int)	120	static
../Program/Src/floodfill.cpp:542:6:char toMoveBack(coordinate, coordinate, int)	120	static
../Program/Src/floodfill.cpp:591:6:void backtrack()	120	static
../Program/Src/floodfill.cpp:653:5:int orientation(int, char)	0	static
../Program/Src/floodfill.cpp:685:19:coordinate updateCoordinates(coordinate, int)	8	static
