../Core/Src/stm32f4xx_hal_msp.c:66:6:HAL_MspInit	8	static
../Core/Src/stm32f4xx_hal_msp.c:88:6:HAL_ADC_MspInit	56	static
../Core/Src/stm32f4xx_hal_msp.c:137:6:HAL_ADC_MspDeInit	8	static
../Core/Src/stm32f4xx_hal_msp.c:173:6:HAL_SPI_MspInit	48	static
../Core/Src/stm32f4xx_hal_msp.c:234:6:HAL_SPI_MspDeInit	0	static
../Core/Src/stm32f4xx_hal_msp.c:282:6:HAL_TIM_PWM_MspInit	8	static
../Core/Src/stm32f4xx_hal_msp.c:304:6:HAL_TIM_Base_MspInit	8	static
../Core/Src/stm32f4xx_hal_msp.c:320:6:HAL_TIM_MspPostInit	40	static
../Core/Src/stm32f4xx_hal_msp.c:375:6:HAL_TIM_PWM_MspDeInit	0	static
../Core/Src/stm32f4xx_hal_msp.c:397:6:HAL_TIM_Base_MspDeInit	0	static
../Core/Src/stm32f4xx_hal_msp.c:419:6:HAL_UART_MspInit	40	static
../Core/Src/stm32f4xx_hal_msp.c:455:6:HAL_UART_MspDeInit	0	static
