../Core/Src/stm32f4xx_it.c:71:6:NMI_Handler	8	static
../Core/Src/stm32f4xx_it.c:87:6:HardFault_Handler	0	static
../Core/Src/stm32f4xx_it.c:102:6:MemManage_Handler	0	static
../Core/Src/stm32f4xx_it.c:117:6:BusFault_Handler	0	static
../Core/Src/stm32f4xx_it.c:132:6:UsageFault_Handler	0	static
../Core/Src/stm32f4xx_it.c:147:6:SVC_Handler	0	static
../Core/Src/stm32f4xx_it.c:160:6:DebugMon_Handler	0	static
../Core/Src/stm32f4xx_it.c:173:6:PendSV_Handler	0	static
../Core/Src/stm32f4xx_it.c:186:6:SysTick_Handler	0	static
../Core/Src/stm32f4xx_it.c:207:6:TIM8_UP_TIM13_IRQHandler	0	static
../Core/Src/stm32f4xx_it.c:221:6:TIM8_TRG_COM_TIM14_IRQHandler	0	static
../Core/Src/stm32f4xx_it.c:235:6:DMA2_Stream0_IRQHandler	0	static
