../Core/Src/main.c:89:5:main	8	static
../Core/Src/main.c:140:6:SystemClock_Config	88	static
../Core/Src/main.c:190:13:MX_ADC1_Init	56	static
../Core/Src/main.c:320:13:MX_SPI1_Init	8	static
../Core/Src/main.c:358:13:MX_SPI2_Init	8	static
../Core/Src/main.c:396:13:MX_TIM2_Init	80	static
../Core/Src/main.c:459:13:MX_TIM4_Init	64	static
../Core/Src/main.c:530:13:MX_TIM5_Init	56	static
../Core/Src/main.c:579:13:MX_TIM6_Init	16	static
../Core/Src/main.c:617:13:MX_TIM14_Init	8	static
../Core/Src/main.c:648:13:MX_USART1_UART_Init	8	static
../Core/Src/main.c:679:13:MX_DMA_Init	16	static
../Core/Src/main.c:697:13:MX_GPIO_Init	48	static
../Core/Src/main.c:786:6:Error_Handler	4	static,ignoring_inline_asm
