../Core/Src/main.c:87:5:main	8	static
../Core/Src/main.c:144:6:SystemClock_Config	88	static
../Core/Src/main.c:194:13:MX_ADC1_Init	8	static
../Core/Src/main.c:226:13:MX_SPI1_Init	8	static
../Core/Src/main.c:264:13:MX_SPI2_Init	8	static
../Core/Src/main.c:302:13:MX_TIM2_Init	80	static
../Core/Src/main.c:365:13:MX_TIM4_Init	64	static
../Core/Src/main.c:436:13:MX_TIM5_Init	56	static
../Core/Src/main.c:485:13:MX_TIM6_Init	16	static
../Core/Src/main.c:523:13:MX_TIM14_Init	8	static
../Core/Src/main.c:554:13:MX_USART1_UART_Init	8	static
../Core/Src/main.c:585:13:MX_DMA_Init	16	static
../Core/Src/main.c:603:13:MX_GPIO_Init	48	static
../Core/Src/main.c:692:6:Error_Handler	4	static,ignoring_inline_asm
