../Core/Src/main.c:89:5:main	8	static
../Core/Src/main.c:149:6:SystemClock_Config	88	static
../Core/Src/main.c:199:13:MX_ADC1_Init	8	static
../Core/Src/main.c:231:13:MX_SPI1_Init	8	static
../Core/Src/main.c:269:13:MX_SPI2_Init	8	static
../Core/Src/main.c:307:13:MX_TIM2_Init	80	static
../Core/Src/main.c:370:13:MX_TIM4_Init	64	static
../Core/Src/main.c:441:13:MX_TIM5_Init	56	static
../Core/Src/main.c:490:13:MX_TIM6_Init	16	static
../Core/Src/main.c:528:13:MX_TIM13_Init	8	static
../Core/Src/main.c:559:13:MX_TIM14_Init	8	static
../Core/Src/main.c:590:13:MX_USART1_UART_Init	8	static
../Core/Src/main.c:621:13:MX_DMA_Init	16	static
../Core/Src/main.c:639:13:MX_GPIO_Init	48	static
../Core/Src/main.c:728:6:Error_Handler	4	static,ignoring_inline_asm
