../Core/Src/main.c:91:5:main	8	static
../Core/Src/main.c:155:6:SystemClock_Config	88	static
../Core/Src/main.c:205:13:MX_ADC1_Init	24	static
../Core/Src/main.c:257:13:MX_SPI1_Init	8	static
../Core/Src/main.c:295:13:MX_SPI2_Init	8	static
../Core/Src/main.c:333:13:MX_TIM1_Init	32	static
../Core/Src/main.c:379:13:MX_TIM2_Init	80	static
../Core/Src/main.c:442:13:MX_TIM4_Init	64	static
../Core/Src/main.c:513:13:MX_TIM5_Init	56	static
../Core/Src/main.c:562:13:MX_TIM6_Init	16	static
../Core/Src/main.c:600:13:MX_TIM13_Init	8	static
../Core/Src/main.c:631:13:MX_TIM14_Init	8	static
../Core/Src/main.c:662:13:MX_USART1_UART_Init	8	static
../Core/Src/main.c:693:13:MX_DMA_Init	16	static
../Core/Src/main.c:711:13:MX_GPIO_Init	48	static
../Core/Src/main.c:800:6:Error_Handler	4	static,ignoring_inline_asm
