../Core/Src/main.c:44:5:main	8	static
../Core/Src/main.c:88:6:SystemClock_Config	88	static
../Core/Src/main.c:134:13:MX_ADC1_Init	8	static
../Core/Src/main.c:161:13:MX_SPI1_Init	8	static
../Core/Src/main.c:187:13:MX_SPI2_Init	8	static
../Core/Src/main.c:213:13:MX_TIM1_Init	32	static
../Core/Src/main.c:241:13:MX_TIM2_Init	56	static
../Core/Src/main.c:275:13:MX_TIM4_Init	64	static
../Core/Src/main.c:318:13:MX_TIM5_Init	56	static
../Core/Src/main.c:346:13:MX_TIM6_Init	16	static
../Core/Src/main.c:372:13:MX_TIM9_Init	56	static
../Core/Src/main.c:403:13:MX_TIM13_Init	8	static
../Core/Src/main.c:420:13:MX_TIM14_Init	8	static
../Core/Src/main.c:439:13:MX_USART1_UART_Init	8	static
../Core/Src/main.c:458:13:MX_DMA_Init	16	static
../Core/Src/main.c:476:13:MX_GPIO_Init	48	static
../Core/Src/main.c:559:6:Error_Handler	4	static,ignoring_inline_asm
