../Core/Src/main.c:93:5:main	8	static
../Core/Src/main.c:158:6:SystemClock_Config	88	static
../Core/Src/main.c:208:13:MX_ADC1_Init	8	static
../Core/Src/main.c:252:13:MX_SPI1_Init	8	static
../Core/Src/main.c:290:13:MX_SPI2_Init	8	static
../Core/Src/main.c:328:13:MX_TIM1_Init	32	static
../Core/Src/main.c:374:13:MX_TIM2_Init	56	static
../Core/Src/main.c:423:13:MX_TIM4_Init	64	static
../Core/Src/main.c:494:13:MX_TIM5_Init	56	static
../Core/Src/main.c:543:13:MX_TIM6_Init	16	static
../Core/Src/main.c:581:13:MX_TIM9_Init	56	static
../Core/Src/main.c:633:13:MX_TIM13_Init	8	static
../Core/Src/main.c:664:13:MX_TIM14_Init	8	static
../Core/Src/main.c:695:13:MX_USART1_UART_Init	8	static
../Core/Src/main.c:726:13:MX_DMA_Init	16	static
../Core/Src/main.c:744:13:MX_GPIO_Init	48	static
../Core/Src/main.c:833:6:Error_Handler	4	static,ignoring_inline_asm
