../Core/Src/main.c:91:5:main	8	static
../Core/Src/main.c:152:6:SystemClock_Config	88	static
../Core/Src/main.c:202:13:MX_ADC1_Init	24	static
../Core/Src/main.c:254:13:MX_SPI1_Init	8	static
../Core/Src/main.c:292:13:MX_SPI2_Init	8	static
../Core/Src/main.c:330:13:MX_TIM1_Init	32	static
../Core/Src/main.c:376:13:MX_TIM2_Init	80	static
../Core/Src/main.c:439:13:MX_TIM4_Init	64	static
../Core/Src/main.c:510:13:MX_TIM5_Init	56	static
../Core/Src/main.c:559:13:MX_TIM6_Init	16	static
../Core/Src/main.c:597:13:MX_TIM13_Init	8	static
../Core/Src/main.c:628:13:MX_TIM14_Init	8	static
../Core/Src/main.c:659:13:MX_USART1_UART_Init	8	static
../Core/Src/main.c:690:13:MX_DMA_Init	16	static
../Core/Src/main.c:708:13:MX_GPIO_Init	48	static
../Core/Src/main.c:797:6:Error_Handler	4	static,ignoring_inline_asm
