../Drivers/SSD1306/Src/ssd1306_tests.c:112:6:ssd1306_TestBorder	16	static
../Drivers/SSD1306/Src/ssd1306_tests.c:138:6:ssd1306_TestFonts1	16	static
../Drivers/SSD1306/Src/ssd1306_tests.c:171:6:ssd1306_TestFonts2	32	static
../Drivers/SSD1306/Src/ssd1306_tests.c:193:6:ssd1306_TestFPS	112	static
../Drivers/SSD1306/Src/ssd1306_tests.c:231:6:ssd1306_TestLine	16	static
../Drivers/SSD1306/Src/ssd1306_tests.c:239:6:ssd1306_TestRectangle	32	static
../Drivers/SSD1306/Src/ssd1306_tests.c:249:6:ssd1306_TestRectangleFill	16	static
../Drivers/SSD1306/Src/ssd1306_tests.c:257:6:ssd1306_TestCircle	16	static
../Drivers/SSD1306/Src/ssd1306_tests.c:272:6:ssd1306_TestArc	16	static
../Drivers/SSD1306/Src/ssd1306_tests.c:279:6:ssd1306_TestPolyline	32	static
../Drivers/SSD1306/Src/ssd1306_tests.c:296:6:ssd1306_TestDrawBitmap	16	static
../Drivers/SSD1306/Src/ssd1306_tests.c:311:6:ssd1306_TestAll	8	static
