../Core/Src/main.c:84:5:main	8	static
../Core/Src/main.c:171:6:SystemClock_Config	88	static
../Core/Src/main.c:213:13:MX_ADC1_Init	24	static
../Core/Src/main.c:265:13:MX_SPI1_Init	8	static
../Core/Src/main.c:303:13:MX_SPI2_Init	8	static
../Core/Src/main.c:341:13:MX_TIM2_Init	48	static
../Core/Src/main.c:390:13:MX_TIM4_Init	64	static
../Core/Src/main.c:461:13:MX_USART1_UART_Init	8	static
../Core/Src/main.c:494:13:MX_GPIO_Init	48	static
../Core/Src/main.c:585:6:Error_Handler	4	static,ignoring_inline_asm
