../Program/Src/floodfill.cpp:130:6:void rotateFloodCounterClockwise()	128	static
../Program/Src/floodfill.cpp:163:5:QNode::QNode(coordinate)	24	static
../Program/Src/floodfill.cpp:172:5:Queue::Queue()	16	static
../Program/Src/floodfill.cpp:174:10:bool Queue::isempty()	16	static
../Program/Src/floodfill.cpp:184:10:void Queue::enQueue(coordinate)	48	static
../Program/Src/floodfill.cpp:205:23:coordinate Queue::deQueue()	24	static
../Program/Src/floodfill.cpp:302:6:void updateWalls(coordinate, int, bool, bool, bool)	24	static
../Program/Src/floodfill.cpp:350:6:bool isAccessible(coordinate, coordinate)	24	static
../Program/Src/floodfill.cpp:400:21:surroundCoor getSurrounds(coordinate)	24	static
../Program/Src/floodfill.cpp:424:6:bool isConsistant(coordinate)	80	static
../Program/Src/floodfill.cpp:464:6:void makeConsistant(coordinate)	80	static
../Program/Src/floodfill.cpp:499:6:void floodFill(coordinate, coordinate)	80	static
../Program/Src/floodfill.cpp:541:6:char toMove(coordinate, coordinate, int)	104	static
../Program/Src/floodfill.cpp:621:6:char toMoveBack(coordinate, coordinate, int)	96	static
../Program/Src/floodfill.cpp:670:6:void backtrack()	80	static
../Program/Src/floodfill.cpp:732:5:int orientation(int, char)	16	static
../Program/Src/floodfill.cpp:764:19:coordinate updateCoordinates(coordinate, int)	24	static
