../Program/Src/floodfill.cpp:84:5:QNode::QNode(coordinate)	24	static
../Program/Src/floodfill.cpp:93:5:Queue::Queue()	16	static
../Program/Src/floodfill.cpp:95:10:bool Queue::isempty()	16	static
../Program/Src/floodfill.cpp:105:10:void Queue::enQueue(coordinate)	48	static
../Program/Src/floodfill.cpp:126:23:coordinate Queue::deQueue()	24	static
../Program/Src/floodfill.cpp:223:6:void updateWalls(coordinate, int, bool, bool, bool)	24	static
../Program/Src/floodfill.cpp:271:6:bool isAccessible(coordinate, coordinate)	24	static
../Program/Src/floodfill.cpp:321:21:surroundCoor getSurrounds(coordinate)	24	static
../Program/Src/floodfill.cpp:345:6:bool isConsistant(coordinate)	80	static
../Program/Src/floodfill.cpp:385:6:void makeConsistant(coordinate)	72	static
../Program/Src/floodfill.cpp:420:6:void floodFill(coordinate, coordinate)	80	static
../Program/Src/floodfill.cpp:462:6:char toMove(coordinate, coordinate, int)	104	static
../Program/Src/floodfill.cpp:542:6:char toMoveBack(coordinate, coordinate, int)	96	static
../Program/Src/floodfill.cpp:591:6:void backtrack()	80	static
../Program/Src/floodfill.cpp:653:5:int orientation(int, char)	16	static
../Program/Src/floodfill.cpp:685:19:coordinate updateCoordinates(coordinate, int)	24	static
