../Program/Src/floodfill.cpp:116:6:void rotateFloodCounterClockwise()	128	static
../Program/Src/floodfill.cpp:142:2:QNode::QNode(coordinate)	24	static
../Program/Src/floodfill.cpp:150:2:Queue::Queue()	16	static
../Program/Src/floodfill.cpp:154:7:bool Queue::isempty()	16	static
../Program/Src/floodfill.cpp:162:7:void Queue::enQueue(coordinate)	48	static
../Program/Src/floodfill.cpp:182:20:coordinate Queue::deQueue()	24	static
../Program/Src/floodfill.cpp:272:6:void updateWalls(coordinate, int, bool, bool, bool)	24	static
../Program/Src/floodfill.cpp:369:6:bool isAccessible(coordinate, coordinate)	24	static
../Program/Src/floodfill.cpp:424:21:surroundCoor getSurrounds(coordinate)	24	static
../Program/Src/floodfill.cpp:448:6:bool isConsistant(coordinate)	80	static
../Program/Src/floodfill.cpp:487:6:void makeConsistant(coordinate)	80	static
../Program/Src/floodfill.cpp:522:6:void floodFill(coordinate, coordinate)	80	static
../Program/Src/floodfill.cpp:563:6:char toMove(coordinate, coordinate, int)	104	static
../Program/Src/floodfill.cpp:638:6:char toMoveBack(coordinate, coordinate, int)	96	static
../Program/Src/floodfill.cpp:684:6:void backtrack()	80	static
../Program/Src/floodfill.cpp:749:5:int orientation(int, char)	16	static
../Program/Src/floodfill.cpp:778:19:coordinate updateCoordinates(coordinate, int)	24	static
