../Drivers/SSD1306/Src/ssd1306.c:24:6:ssd1306_Reset	0	static
../Drivers/SSD1306/Src/ssd1306.c:36:6:ssd1306_WriteCommand	16	static
../Drivers/SSD1306/Src/ssd1306.c:44:6:ssd1306_WriteData	16	static
../Drivers/SSD1306/Src/ssd1306.c:63:17:ssd1306_FillBuffer	8	static
../Drivers/SSD1306/Src/ssd1306.c:175:6:ssd1306_Fill	0	static
../Drivers/SSD1306/Src/ssd1306.c:184:6:ssd1306_UpdateScreen	16	static
../Drivers/SSD1306/Src/ssd1306.c:205:6:ssd1306_DrawPixel	12	static
../Drivers/SSD1306/Src/ssd1306.c:225:6:ssd1306_WriteChar	64	static
../Drivers/SSD1306/Src/ssd1306.c:260:6:ssd1306_WriteString	32	static
../Drivers/SSD1306/Src/ssd1306.c:274:6:ssd1306_SetCursor	0	static
../Drivers/SSD1306/Src/ssd1306.c:280:6:ssd1306_Line	48	static
../Drivers/SSD1306/Src/ssd1306.c:307:6:ssd1306_Polyline	32	static
../Drivers/SSD1306/Src/ssd1306.c:342:6:ssd1306_DrawArc	104	static
../Drivers/SSD1306/Src/ssd1306.c:382:6:ssd1306_DrawArcWithRadiusLine	96	static
../Drivers/SSD1306/Src/ssd1306.c:425:6:ssd1306_DrawCircle	48	static
../Drivers/SSD1306/Src/ssd1306.c:460:6:ssd1306_FillCircle	48	static
../Drivers/SSD1306/Src/ssd1306.c:496:6:ssd1306_DrawRectangle	32	static
../Drivers/SSD1306/Src/ssd1306.c:506:6:ssd1306_FillRectangle	24	static
../Drivers/SSD1306/Src/ssd1306.c:521:6:ssd1306_DrawBitmap	48	static
../Drivers/SSD1306/Src/ssd1306.c:545:6:ssd1306_SetContrast	8	static
../Drivers/SSD1306/Src/ssd1306.c:551:6:ssd1306_SetDisplayOn	0	static
../Drivers/SSD1306/Src/ssd1306.c:73:6:ssd1306_Init	8	static
../Drivers/SSD1306/Src/ssd1306.c:563:9:ssd1306_GetDisplayOn	0	static
